// Jest Snapshot v1, https://goo.gl/fbAQLP

exports[`Carousel renders 1`] = `
ShallowWrapper {
  "length": 1,
  Symbol(enzyme.__root__): [Circular],
  Symbol(enzyme.__unrendered__): <Carousel
    title="title"
/>,
  Symbol(enzyme.__renderer__): Object {
    "batchedUpdates": [Function],
    "getNode": [Function],
    "render": [Function],
    "simulateEvent": [Function],
    "unmount": [Function],
  },
  Symbol(enzyme.__node__): Object {
    "instance": null,
    "key": undefined,
    "nodeType": "host",
    "props": Object {
      "children": <Row
        bsClass="row"
        componentClass="div"
>
        <Col
                bsClass="col"
                className="title-section"
                componentClass="div"
                xs={12}
        >
                <h2
                        className="main-item-detail-header"
                        dangerouslySetInnerHTML={
                                Object {
                                        "__html": "title",
                                      }
                        }
                />
        </Col>
        <Col
                bsClass="col"
                className="carousel-section"
                componentClass="div"
                xs={12}
        >
                <Slider
                        accessibility={true}
                        arrows={false}
                        className="carousel-component"
                        customPaging={[Function]}
                        dots={true}
                        dotsClass="slick-dots slick-thumb"
                        fade={true}
                        infinite={true}
                        lazyLoad="ondemand"
                        slidesToScroll={1}
                        slidesToShow={1}
                        speed={500}
                        swipe={true}
                >
                        <div>
                                <img
                                        alt=""
                                        className="carousel-image"
                                        src="image"
                                />
                        </div>
                        <div>
                                <img
                                        alt=""
                                        className="carousel-image"
                                        src="image"
                                />
                        </div>
                </Slider>
        </Col>
</Row>,
      "className": "carousel-container",
    },
    "ref": null,
    "rendered": Object {
      "instance": null,
      "key": undefined,
      "nodeType": "class",
      "props": Object {
        "bsClass": "row",
        "children": Array [
          <Col
            bsClass="col"
            className="title-section"
            componentClass="div"
            xs={12}
>
            <h2
                        className="main-item-detail-header"
                        dangerouslySetInnerHTML={
                                    Object {
                                                "__html": "title",
                                              }
                        }
            />
</Col>,
          <Col
            bsClass="col"
            className="carousel-section"
            componentClass="div"
            xs={12}
>
            <Slider
                        accessibility={true}
                        arrows={false}
                        className="carousel-component"
                        customPaging={[Function]}
                        dots={true}
                        dotsClass="slick-dots slick-thumb"
                        fade={true}
                        infinite={true}
                        lazyLoad="ondemand"
                        slidesToScroll={1}
                        slidesToShow={1}
                        speed={500}
                        swipe={true}
            >
                        <div>
                                    <img
                                                alt=""
                                                className="carousel-image"
                                                src="image"
                                    />
                        </div>
                        <div>
                                    <img
                                                alt=""
                                                className="carousel-image"
                                                src="image"
                                    />
                        </div>
            </Slider>
</Col>,
        ],
        "componentClass": "div",
      },
      "ref": null,
      "rendered": Array [
        Object {
          "instance": null,
          "key": undefined,
          "nodeType": "class",
          "props": Object {
            "bsClass": "col",
            "children": <h2
              className="main-item-detail-header"
              dangerouslySetInnerHTML={
                            Object {
                                          "__html": "title",
                                        }
              }
/>,
            "className": "title-section",
            "componentClass": "div",
            "xs": 12,
          },
          "ref": null,
          "rendered": Object {
            "instance": null,
            "key": undefined,
            "nodeType": "host",
            "props": Object {
              "className": "main-item-detail-header",
              "dangerouslySetInnerHTML": Object {
                "__html": "title",
              },
            },
            "ref": null,
            "rendered": null,
            "type": "h2",
          },
          "type": [Function],
        },
        Object {
          "instance": null,
          "key": undefined,
          "nodeType": "class",
          "props": Object {
            "bsClass": "col",
            "children": <Slider
              accessibility={true}
              arrows={false}
              className="carousel-component"
              customPaging={[Function]}
              dots={true}
              dotsClass="slick-dots slick-thumb"
              fade={true}
              infinite={true}
              lazyLoad="ondemand"
              slidesToScroll={1}
              slidesToShow={1}
              speed={500}
              swipe={true}
>
              <div>
                            <img
                                          alt=""
                                          className="carousel-image"
                                          src="image"
                            />
              </div>
              <div>
                            <img
                                          alt=""
                                          className="carousel-image"
                                          src="image"
                            />
              </div>
</Slider>,
            "className": "carousel-section",
            "componentClass": "div",
            "xs": 12,
          },
          "ref": null,
          "rendered": Object {
            "instance": null,
            "key": undefined,
            "nodeType": "class",
            "props": Object {
              "accessibility": true,
              "arrows": false,
              "children": Array [
                <div>
                  <img
                                    alt=""
                                    className="carousel-image"
                                    src="image"
                  />
</div>,
                <div>
                  <img
                                    alt=""
                                    className="carousel-image"
                                    src="image"
                  />
</div>,
              ],
              "className": "carousel-component",
              "customPaging": [Function],
              "dots": true,
              "dotsClass": "slick-dots slick-thumb",
              "fade": true,
              "infinite": true,
              "lazyLoad": "ondemand",
              "slidesToScroll": 1,
              "slidesToShow": 1,
              "speed": 500,
              "swipe": true,
            },
            "ref": null,
            "rendered": Array [
              Object {
                "instance": null,
                "key": "0",
                "nodeType": "host",
                "props": Object {
                  "children": <img
                    alt=""
                    className="carousel-image"
                    src="image"
/>,
                },
                "ref": null,
                "rendered": Object {
                  "instance": null,
                  "key": undefined,
                  "nodeType": "host",
                  "props": Object {
                    "alt": "",
                    "className": "carousel-image",
                    "src": "image",
                  },
                  "ref": null,
                  "rendered": null,
                  "type": "img",
                },
                "type": "div",
              },
              Object {
                "instance": null,
                "key": "1",
                "nodeType": "host",
                "props": Object {
                  "children": <img
                    alt=""
                    className="carousel-image"
                    src="image"
/>,
                },
                "ref": null,
                "rendered": Object {
                  "instance": null,
                  "key": undefined,
                  "nodeType": "host",
                  "props": Object {
                    "alt": "",
                    "className": "carousel-image",
                    "src": "image",
                  },
                  "ref": null,
                  "rendered": null,
                  "type": "img",
                },
                "type": "div",
              },
            ],
            "type": [Function],
          },
          "type": [Function],
        },
      ],
      "type": [Function],
    },
    "type": "div",
  },
  Symbol(enzyme.__nodes__): Array [
    Object {
      "instance": null,
      "key": undefined,
      "nodeType": "host",
      "props": Object {
        "children": <Row
          bsClass="row"
          componentClass="div"
>
          <Col
                    bsClass="col"
                    className="title-section"
                    componentClass="div"
                    xs={12}
          >
                    <h2
                              className="main-item-detail-header"
                              dangerouslySetInnerHTML={
                                        Object {
                                                  "__html": "title",
                                                }
                              }
                    />
          </Col>
          <Col
                    bsClass="col"
                    className="carousel-section"
                    componentClass="div"
                    xs={12}
          >
                    <Slider
                              accessibility={true}
                              arrows={false}
                              className="carousel-component"
                              customPaging={[Function]}
                              dots={true}
                              dotsClass="slick-dots slick-thumb"
                              fade={true}
                              infinite={true}
                              lazyLoad="ondemand"
                              slidesToScroll={1}
                              slidesToShow={1}
                              speed={500}
                              swipe={true}
                    >
                              <div>
                                        <img
                                                  alt=""
                                                  className="carousel-image"
                                                  src="image"
                                        />
                              </div>
                              <div>
                                        <img
                                                  alt=""
                                                  className="carousel-image"
                                                  src="image"
                                        />
                              </div>
                    </Slider>
          </Col>
</Row>,
        "className": "carousel-container",
      },
      "ref": null,
      "rendered": Object {
        "instance": null,
        "key": undefined,
        "nodeType": "class",
        "props": Object {
          "bsClass": "row",
          "children": Array [
            <Col
              bsClass="col"
              className="title-section"
              componentClass="div"
              xs={12}
>
              <h2
                            className="main-item-detail-header"
                            dangerouslySetInnerHTML={
                                          Object {
                                                        "__html": "title",
                                                      }
                            }
              />
</Col>,
            <Col
              bsClass="col"
              className="carousel-section"
              componentClass="div"
              xs={12}
>
              <Slider
                            accessibility={true}
                            arrows={false}
                            className="carousel-component"
                            customPaging={[Function]}
                            dots={true}
                            dotsClass="slick-dots slick-thumb"
                            fade={true}
                            infinite={true}
                            lazyLoad="ondemand"
                            slidesToScroll={1}
                            slidesToShow={1}
                            speed={500}
                            swipe={true}
              >
                            <div>
                                          <img
                                                        alt=""
                                                        className="carousel-image"
                                                        src="image"
                                          />
                            </div>
                            <div>
                                          <img
                                                        alt=""
                                                        className="carousel-image"
                                                        src="image"
                                          />
                            </div>
              </Slider>
</Col>,
          ],
          "componentClass": "div",
        },
        "ref": null,
        "rendered": Array [
          Object {
            "instance": null,
            "key": undefined,
            "nodeType": "class",
            "props": Object {
              "bsClass": "col",
              "children": <h2
                className="main-item-detail-header"
                dangerouslySetInnerHTML={
                                Object {
                                                "__html": "title",
                                              }
                }
/>,
              "className": "title-section",
              "componentClass": "div",
              "xs": 12,
            },
            "ref": null,
            "rendered": Object {
              "instance": null,
              "key": undefined,
              "nodeType": "host",
              "props": Object {
                "className": "main-item-detail-header",
                "dangerouslySetInnerHTML": Object {
                  "__html": "title",
                },
              },
              "ref": null,
              "rendered": null,
              "type": "h2",
            },
            "type": [Function],
          },
          Object {
            "instance": null,
            "key": undefined,
            "nodeType": "class",
            "props": Object {
              "bsClass": "col",
              "children": <Slider
                accessibility={true}
                arrows={false}
                className="carousel-component"
                customPaging={[Function]}
                dots={true}
                dotsClass="slick-dots slick-thumb"
                fade={true}
                infinite={true}
                lazyLoad="ondemand"
                slidesToScroll={1}
                slidesToShow={1}
                speed={500}
                swipe={true}
>
                <div>
                                <img
                                                alt=""
                                                className="carousel-image"
                                                src="image"
                                />
                </div>
                <div>
                                <img
                                                alt=""
                                                className="carousel-image"
                                                src="image"
                                />
                </div>
</Slider>,
              "className": "carousel-section",
              "componentClass": "div",
              "xs": 12,
            },
            "ref": null,
            "rendered": Object {
              "instance": null,
              "key": undefined,
              "nodeType": "class",
              "props": Object {
                "accessibility": true,
                "arrows": false,
                "children": Array [
                  <div>
                    <img
                                        alt=""
                                        className="carousel-image"
                                        src="image"
                    />
</div>,
                  <div>
                    <img
                                        alt=""
                                        className="carousel-image"
                                        src="image"
                    />
</div>,
                ],
                "className": "carousel-component",
                "customPaging": [Function],
                "dots": true,
                "dotsClass": "slick-dots slick-thumb",
                "fade": true,
                "infinite": true,
                "lazyLoad": "ondemand",
                "slidesToScroll": 1,
                "slidesToShow": 1,
                "speed": 500,
                "swipe": true,
              },
              "ref": null,
              "rendered": Array [
                Object {
                  "instance": null,
                  "key": "0",
                  "nodeType": "host",
                  "props": Object {
                    "children": <img
                      alt=""
                      className="carousel-image"
                      src="image"
/>,
                  },
                  "ref": null,
                  "rendered": Object {
                    "instance": null,
                    "key": undefined,
                    "nodeType": "host",
                    "props": Object {
                      "alt": "",
                      "className": "carousel-image",
                      "src": "image",
                    },
                    "ref": null,
                    "rendered": null,
                    "type": "img",
                  },
                  "type": "div",
                },
                Object {
                  "instance": null,
                  "key": "1",
                  "nodeType": "host",
                  "props": Object {
                    "children": <img
                      alt=""
                      className="carousel-image"
                      src="image"
/>,
                  },
                  "ref": null,
                  "rendered": Object {
                    "instance": null,
                    "key": undefined,
                    "nodeType": "host",
                    "props": Object {
                      "alt": "",
                      "className": "carousel-image",
                      "src": "image",
                    },
                    "ref": null,
                    "rendered": null,
                    "type": "img",
                  },
                  "type": "div",
                },
              ],
              "type": [Function],
            },
            "type": [Function],
          },
        ],
        "type": [Function],
      },
      "type": "div",
    },
  ],
  Symbol(enzyme.__options__): Object {
    "adapter": ReactSixteenAdapter {
      "options": Object {
        "enableComponentDidUpdateOnSetState": true,
      },
    },
  },
}
`;
